ok
error: unrecognized command
error: unrecognized command
error: unrecognized command
error: unrecognized command
error: unrecognized command
error: unrecognized command
error: unrecognized command
error: unrecognized command
error: unrecognized command
error: unrecognized command
error: unrecognized command
error: unrecognized command
error: unrecognized command
error: unrecognized command
error: unrecognized command
error: unrecognized command
error: unrecognized command
error: unrecognized command
error: unrecognized command
error: unrecognized command
error: unrecognized command
error: unrecognized command
