(-4.54,-1.17) (-2.16,-2.59) (0.72,-1.79) (1.32,1.49) (-0.50,2.63) (-2.80,3.35) (-3.74,1.67) 
7
7
24.06
no
(-1.67,0.51)
yes
no
yes

(-4.54,-1.17) (-0.05,-4.53) (2.10,-4.75) (3.37,-2.99) (2.49,-1.01) (1.32,1.49) (-0.50,2.63) (-2.80,3.35) (-3.74,1.67) 
12.20
