14.00
-12.00
0.00
-14.00
12.00
-50.00
-50.00
3.00 3.00
-9.00 -11.00
no
yes
no
yes
1
3
4
1
2
5
5.00
0.33
-1.00
1.67
-0.10
0.00
inf
inf
26.00
10.00
8.00
136.00
101.00
16.00
9.00
0.00
1.00
-2.00
4.00
2.00
1.00
11.00
2.00 -2.00
2.00 -2.00
no
yes
yes
no
2.04 3.40
0.30 0.30
3.55
